Archive member included to satisfy reference by file (symbol)

/Applications/STM32CubeIDE.app/Contents/Eclipse/plugins/com.st.stm32cube.ide.mcu.externaltools.gnu-tools-for-stm32.14.3.rel1.macosaarch64_1.0.0.202602081740/tools/bin/../lib/gcc/arm-none-eabi/14.3.1/../../../../arm-none-eabi/lib/thumb/v7-m/nofp/libc_nano.a(libc_a-exit.o)
                              /Applications/STM32CubeIDE.app/Contents/Eclipse/plugins/com.st.stm32cube.ide.mcu.externaltools.gnu-tools-for-stm32.14.3.rel1.macosaarch64_1.0.0.202602081740/tools/bin/../lib/gcc/arm-none-eabi/14.3.1/../../../../arm-none-eabi/lib/thumb/v7-m/nofp/crt0.o (exit)
/Applications/STM32CubeIDE.app/Contents/Eclipse/plugins/com.st.stm32cube.ide.mcu.externaltools.gnu-tools-for-stm32.14.3.rel1.macosaarch64_1.0.0.202602081740/tools/bin/../lib/gcc/arm-none-eabi/14.3.1/../../../../arm-none-eabi/lib/thumb/v7-m/nofp/libc_nano.a(libc_a-findfp.o)
                              /Applications/STM32CubeIDE.app/Contents/Eclipse/plugins/com.st.stm32cube.ide.mcu.externaltools.gnu-tools-for-stm32.14.3.rel1.macosaarch64_1.0.0.202602081740/tools/bin/../lib/gcc/arm-none-eabi/14.3.1/../../../../arm-none-eabi/lib/thumb/v7-m/nofp/libc_nano.a(libc_a-exit.o) (__stdio_exit_handler)
/Applications/STM32CubeIDE.app/Contents/Eclipse/plugins/com.st.stm32cube.ide.mcu.externaltools.gnu-tools-for-stm32.14.3.rel1.macosaarch64_1.0.0.202602081740/tools/bin/../lib/gcc/arm-none-eabi/14.3.1/../../../../arm-none-eabi/lib/thumb/v7-m/nofp/libc_nano.a(libc_a-fwalk.o)
                              /Applications/STM32CubeIDE.app/Contents/Eclipse/plugins/com.st.stm32cube.ide.mcu.externaltools.gnu-tools-for-stm32.14.3.rel1.macosaarch64_1.0.0.202602081740/tools/bin/../lib/gcc/arm-none-eabi/14.3.1/../../../../arm-none-eabi/lib/thumb/v7-m/nofp/libc_nano.a(libc_a-findfp.o) (_fwalk_sglue)
/Applications/STM32CubeIDE.app/Contents/Eclipse/plugins/com.st.stm32cube.ide.mcu.externaltools.gnu-tools-for-stm32.14.3.rel1.macosaarch64_1.0.0.202602081740/tools/bin/../lib/gcc/arm-none-eabi/14.3.1/../../../../arm-none-eabi/lib/thumb/v7-m/nofp/libc_nano.a(libc_a-memset.o)
                              /Applications/STM32CubeIDE.app/Contents/Eclipse/plugins/com.st.stm32cube.ide.mcu.externaltools.gnu-tools-for-stm32.14.3.rel1.macosaarch64_1.0.0.202602081740/tools/bin/../lib/gcc/arm-none-eabi/14.3.1/../../../../arm-none-eabi/lib/thumb/v7-m/nofp/crt0.o (memset)
/Applications/STM32CubeIDE.app/Contents/Eclipse/plugins/com.st.stm32cube.ide.mcu.externaltools.gnu-tools-for-stm32.14.3.rel1.macosaarch64_1.0.0.202602081740/tools/bin/../lib/gcc/arm-none-eabi/14.3.1/../../../../arm-none-eabi/lib/thumb/v7-m/nofp/libc_nano.a(libc_a-errno.o)
                              ./Core/Src/syscalls.o (__errno)
/Applications/STM32CubeIDE.app/Contents/Eclipse/plugins/com.st.stm32cube.ide.mcu.externaltools.gnu-tools-for-stm32.14.3.rel1.macosaarch64_1.0.0.202602081740/tools/bin/../lib/gcc/arm-none-eabi/14.3.1/../../../../arm-none-eabi/lib/thumb/v7-m/nofp/libc_nano.a(libc_a-init.o)
                              /Applications/STM32CubeIDE.app/Contents/Eclipse/plugins/com.st.stm32cube.ide.mcu.externaltools.gnu-tools-for-stm32.14.3.rel1.macosaarch64_1.0.0.202602081740/tools/bin/../lib/gcc/arm-none-eabi/14.3.1/../../../../arm-none-eabi/lib/thumb/v7-m/nofp/crt0.o (__libc_init_array)
/Applications/STM32CubeIDE.app/Contents/Eclipse/plugins/com.st.stm32cube.ide.mcu.externaltools.gnu-tools-for-stm32.14.3.rel1.macosaarch64_1.0.0.202602081740/tools/bin/../lib/gcc/arm-none-eabi/14.3.1/../../../../arm-none-eabi/lib/thumb/v7-m/nofp/libc_nano.a(libc_a-lock.o)
                              /Applications/STM32CubeIDE.app/Contents/Eclipse/plugins/com.st.stm32cube.ide.mcu.externaltools.gnu-tools-for-stm32.14.3.rel1.macosaarch64_1.0.0.202602081740/tools/bin/../lib/gcc/arm-none-eabi/14.3.1/../../../../arm-none-eabi/lib/thumb/v7-m/nofp/libc_nano.a(libc_a-findfp.o) (__retarget_lock_init_recursive)
/Applications/STM32CubeIDE.app/Contents/Eclipse/plugins/com.st.stm32cube.ide.mcu.externaltools.gnu-tools-for-stm32.14.3.rel1.macosaarch64_1.0.0.202602081740/tools/bin/../lib/gcc/arm-none-eabi/14.3.1/../../../../arm-none-eabi/lib/thumb/v7-m/nofp/libc_nano.a(libc_a-impure.o)
                              /Applications/STM32CubeIDE.app/Contents/Eclipse/plugins/com.st.stm32cube.ide.mcu.externaltools.gnu-tools-for-stm32.14.3.rel1.macosaarch64_1.0.0.202602081740/tools/bin/../lib/gcc/arm-none-eabi/14.3.1/../../../../arm-none-eabi/lib/thumb/v7-m/nofp/libc_nano.a(libc_a-errno.o) (_impure_ptr)
/Applications/STM32CubeIDE.app/Contents/Eclipse/plugins/com.st.stm32cube.ide.mcu.externaltools.gnu-tools-for-stm32.14.3.rel1.macosaarch64_1.0.0.202602081740/tools/bin/../lib/gcc/arm-none-eabi/14.3.1/../../../../arm-none-eabi/lib/thumb/v7-m/nofp/libc_nano.a(libc_a-mallocr.o)
[...]
Memory Configuration

Name             Origin             Length             Attributes
RAM              0x20000000         0x00010000         xrw
FLASH            0x08000000         0x00040000         xr
*default*        0x00000000         0xffffffff

Linker script and memory map

LOAD /Applications/STM32CubeIDE.app/Contents/Eclipse/plugins/com.st.stm32cube.ide.mcu.externaltools.gnu-tools-for-stm32.14.3.rel1.macosaarch64_1.0.0.202602081740/tools/bin/../lib/gcc/arm-none-eabi/14.3.1/thumb/v7-m/nofp/crti.o
LOAD /Applications/STM32CubeIDE.app/Contents/Eclipse/plugins/com.st.stm32cube.ide.mcu.externaltools.gnu-tools-for-stm32.14.3.rel1.macosaarch64_1.0.0.202602081740/tools/bin/../lib/gcc/arm-none-eabi/14.3.1/thumb/v7-m/nofp/crtbegin.o
LOAD /Applications/STM32CubeIDE.app/Contents/Eclipse/plugins/com.st.stm32cube.ide.mcu.externaltools.gnu-tools-for-stm32.14.3.rel1.macosaarch64_1.0.0.202602081740/tools/bin/../lib/gcc/arm-none-eabi/14.3.1/../../../../arm-none-eabi/lib/thumb/v7-m/nofp/crt0.o
LOAD ./AlfaSDK/Src/alfa_board.o
LOAD ./AlfaSDK/Src/alfa_flash.o
LOAD ./AlfaSDK/Src/alfa_obc.o
LOAD ./AlfaSDK/Src/alfa_rgb.o
LOAD ./AlfaSDK/Src/alfa_rtc.o
LOAD ./AlfaSDK/Src/alfa_sram.o
LOAD ./App/Src/app.o
LOAD ./Core/Src/main.o
LOAD ./Core/Src/stm32f1xx_hal_msp.o
LOAD ./Core/Src/stm32f1xx_it.o
LOAD ./Core/Src/syscalls.o
LOAD ./Core/Src/sysmem.o
LOAD ./Core/Src/system_stm32f1xx.o
LOAD ./Core/Startup/startup_stm32f107rctx.o
LOAD ./Drivers/STM32F1xx_HAL_Driver/Src/stm32f1xx_hal.o
LOAD ./Drivers/STM32F1xx_HAL_Driver/Src/stm32f1xx_hal_cortex.o
LOAD ./Drivers/STM32F1xx_HAL_Driver/Src/stm32f1xx_hal_dma.o
LOAD ./Drivers/STM32F1xx_HAL_Driver/Src/stm32f1xx_hal_exti.o
LOAD ./Drivers/STM32F1xx_HAL_Driver/Src/stm32f1xx_hal_flash.o
LOAD ./Drivers/STM32F1xx_HAL_Driver/Src/stm32f1xx_hal_flash_ex.o
LOAD ./Drivers/STM32F1xx_HAL_Driver/Src/stm32f1xx_hal_gpio.o
LOAD ./Drivers/STM32F1xx_HAL_Driver/Src/stm32f1xx_hal_gpio_ex.o
LOAD ./Drivers/STM32F1xx_HAL_Driver/Src/stm32f1xx_hal_pwr.o
LOAD ./Drivers/STM32F1xx_HAL_Driver/Src/stm32f1xx_hal_rcc.o
LOAD ./Drivers/STM32F1xx_HAL_Driver/Src/stm32f1xx_hal_rcc_ex.o
LOAD ./Drivers/STM32F1xx_HAL_Driver/Src/stm32f1xx_hal_rtc.o
LOAD ./Drivers/STM32F1xx_HAL_Driver/Src/stm32f1xx_hal_rtc_ex.o
LOAD ./Drivers/STM32F1xx_HAL_Driver/Src/stm32f1xx_hal_spi.o
START GROUP
LOAD /Applications/STM32CubeIDE.app/Contents/Eclipse/plugins/com.st.stm32cube.ide.mcu.externaltools.gnu-tools-for-stm32.14.3.rel1.macosaarch64_1.0.0.202602081740/tools/bin/../lib/gcc/arm-none-eabi/14.3.1/../../../../arm-none-eabi/lib/thumb/v7-m/nofp/libc_nano.a
LOAD /Applications/STM32CubeIDE.app/Contents/Eclipse/plugins/com.st.stm32cube.ide.mcu.externaltools.gnu-tools-for-stm32.14.3.rel1.macosaarch64_1.0.0.202602081740/tools/bin/../lib/gcc/arm-none-eabi/14.3.1/../../../../arm-none-eabi/lib/thumb/v7-m/nofp/libm.a
END GROUP
START GROUP
LOAD /Applications/STM32CubeIDE.app/Contents/Eclipse/plugins/com.st.stm32cube.ide.mcu.externaltools.gnu-tools-for-stm32.14.3.rel1.macosaarch64_1.0.0.202602081740/tools/bin/../lib/gcc/arm-none-eabi/14.3.1/thumb/v7-m/nofp/libgcc.a
LOAD /Applications/STM32CubeIDE.app/Contents/Eclipse/plugins/com.st.stm32cube.ide.mcu.externaltools.gnu-tools-for-stm32.14.3.rel1.macosaarch64_1.0.0.202602081740/tools/bin/../lib/gcc/arm-none-eabi/14.3.1/../../../../arm-none-eabi/lib/thumb/v7-m/nofp/libc_nano.a
END GROUP
START GROUP
LOAD /Applications/STM32CubeIDE.app/Contents/Eclipse/plugins/com.st.stm32cube.ide.mcu.externaltools.gnu-tools-for-stm32.14.3.rel1.macosaarch64_1.0.0.202602081740/tools/bin/../lib/gcc/arm-none-eabi/14.3.1/thumb/v7-m/nofp/libgcc.a
LOAD /Applications/STM32CubeIDE.app/Contents/Eclipse/plugins/com.st.stm32cube.ide.mcu.externaltools.gnu-tools-for-stm32.14.3.rel1.macosaarch64_1.0.0.202602081740/tools/bin/../lib/gcc/arm-none-eabi/14.3.1/../../../../arm-none-eabi/lib/thumb/v7-m/nofp/libc_nano.a
LOAD /Applications/STM32CubeIDE.app/Contents/Eclipse/plugins/com.st.stm32cube.ide.mcu.externaltools.gnu-tools-for-stm32.14.3.rel1.macosaarch64_1.0.0.202602081740/tools/bin/../lib/gcc/arm-none-eabi/14.3.1/../../../../arm-none-eabi/lib/thumb/v7-m/nofp/libnosys.a
END GROUP
START GROUP
LOAD /Applications/STM32CubeIDE.app/Contents/Eclipse/plugins/com.st.stm32cube.ide.mcu.externaltools.gnu-tools-for-stm32.14.3.rel1.macosaarch64_1.0.0.202602081740/tools/bin/../lib/gcc/arm-none-eabi/14.3.1/thumb/v7-m/nofp/libgcc.a
LOAD /Applications/STM32CubeIDE.app/Contents/Eclipse/plugins/com.st.stm32cube.ide.mcu.externaltools.gnu-tools-for-stm32.14.3.rel1.macosaarch64_1.0.0.202602081740/tools/bin/../lib/gcc/arm-none-eabi/14.3.1/../../../../arm-none-eabi/lib/thumb/v7-m/nofp/libc_nano.a
LOAD /Applications/STM32CubeIDE.app/Contents/Eclipse/plugins/com.st.stm32cube.ide.mcu.externaltools.gnu-tools-for-stm32.14.3.rel1.macosaarch64_1.0.0.202602081740/tools/bin/../lib/gcc/arm-none-eabi/14.3.1/../../../../arm-none-eabi/lib/thumb/v7-m/nofp/libnosys.a
END GROUP
LOAD /Applications/STM32CubeIDE.app/Contents/Eclipse/plugins/com.st.stm32cube.ide.mcu.externaltools.gnu-tools-for-stm32.14.3.rel1.macosaarch64_1.0.0.202602081740/tools/bin/../lib/gcc/arm-none-eabi/14.3.1/thumb/v7-m/nofp/crtend.o
LOAD /Applications/STM32CubeIDE.app/Contents/Eclipse/plugins/com.st.stm32cube.ide.mcu.externaltools.gnu-tools-for-stm32.14.3.rel1.macosaarch64_1.0.0.202602081740/tools/bin/../lib/gcc/arm-none-eabi/14.3.1/thumb/v7-m/nofp/crtn.o
                0x20010000                        _estack = (ORIGIN (RAM) + LENGTH (RAM))
                0x00000200                        _Min_Heap_Size = 0x200
                0x00000400                        _Min_Stack_Size = 0x400

.isr_vector     0x08000000      0x1e4
                0x08000000                        . = ALIGN (0x4)
 *(.isr_vector)
 .isr_vector    0x08000000      0x1e4 ./Core/Startup/startup_stm32f107rctx.o
                0x08000000                g_pfnVectors
                0x080001e4                        . = ALIGN (0x4)

.text           0x080001e4     0x370c
                0x080001e4                        . = ALIGN (0x4)
 *(.text)
 .text          0x080001e4       0x40 /Applications/STM32CubeIDE.app/Contents/Eclipse/plugins/com.st.stm32cube.ide.mcu.externaltools.gnu-tools-for-stm32.14.3.rel1.macosaarch64_1.0.0.202602081740/tools/bin/../lib/gcc/arm-none-eabi/14.3.1/thumb/v7-m/nofp/crtbegin.o
 .text          0x08000224       0x30 /Applications/STM32CubeIDE.app/Contents/Eclipse/plugins/com.st.stm32cube.ide.mcu.externaltools.gnu-tools-for-stm32.14.3.rel1.macosaarch64_1.0.0.202602081740/tools/bin/../lib/gcc/arm-none-eabi/14.3.1/thumb/v7-m/nofp/libgcc.a(_aeabi_uldivmod.o)
                0x08000224                __aeabi_uldivmod
 .text          0x08000254      0x2f4 /Applications/STM32CubeIDE.app/Contents/Eclipse/plugins/com.st.stm32cube.ide.mcu.externaltools.gnu-tools-for-stm32.14.3.rel1.macosaarch64_1.0.0.202602081740/tools/bin/../lib/gcc/arm-none-eabi/14.3.1/thumb/v7-m/nofp/libgcc.a(_udivmoddi4.o)
                0x08000254                __udivmoddi4
 .text          0x08000548        0x4 /Applications/STM32CubeIDE.app/Contents/Eclipse/plugins/com.st.stm32cube.ide.mcu.externaltools.gnu-tools-for-stm32.14.3.rel1.macosaarch64_1.0.0.202602081740/tools/bin/../lib/gcc/arm-none-eabi/14.3.1/thumb/v7-m/nofp/libgcc.a(_dvmd_tls.o)
                0x08000548                __aeabi_ldiv0
                0x08000548                __aeabi_idiv0
 *(.text*)
 .text.Alfa_Board_Init
                0x0800054c       0x20 ./AlfaSDK/Src/alfa_board.o
                0x0800054c                Alfa_Board_Init
 .text.SystemClock_Config
                0x0800056c       0xd8 ./AlfaSDK/Src/alfa_board.o
                0x0800056c                SystemClock_Config
 .text.MX_RTC_Init
                0x08000644       0x94 ./AlfaSDK/Src/alfa_board.o
 .text.MX_SPI1_Init
                0x080006d8       0x6c ./AlfaSDK/Src/alfa_board.o
 .text.MX_SPI3_Init
                0x08000744       0x6c ./AlfaSDK/Src/alfa_board.o
 .text.MX_GPIO_Init
                0x080007b0       0xdc ./AlfaSDK/Src/alfa_board.o
 .text.Error_Handler
                0x0800088c        0xc ./AlfaSDK/Src/alfa_board.o
                0x0800088c                Error_Handler
 .text.FLASH_Select
                0x08000898       0x18 ./AlfaSDK/Src/alfa_flash.o
 .text.FLASH_Deselect
                0x080008b0       0x18 ./AlfaSDK/Src/alfa_flash.o
 .text.Alfa_FLASH_Init
                0x080008c8        0xc ./AlfaSDK/Src/alfa_flash.o
                0x080008c8                Alfa_FLASH_Init
 .text.Alfa_FLASH_ReadJEDEC
                0x080008d4       0x84 ./AlfaSDK/Src/alfa_flash.o
                0x080008d4                Alfa_FLASH_ReadJEDEC
 .text.Alfa_FLASH_ReadStatus
                0x08000958       0x74 ./AlfaSDK/Src/alfa_flash.o
                0x08000958                Alfa_FLASH_ReadStatus
 .text.Alfa_FLASH_Test
                0x080009cc       0x4e ./AlfaSDK/Src/alfa_flash.o
                0x080009cc                Alfa_FLASH_Test
 .text.Alfa_Init
                0x08000a1a       0x18 ./AlfaSDK/Src/alfa_obc.o
                0x08000a1a                Alfa_Init
 .text.Alfa_RGB_Init
                0x08000a32        0xc ./AlfaSDK/Src/alfa_rgb.o
                0x08000a32                Alfa_RGB_Init
 *fill*         0x08000a3e        0x2 
 .text.Alfa_RGB_SetGreen
                0x08000a40       0x1c ./AlfaSDK/Src/alfa_rgb.o
                0x08000a40                Alfa_RGB_SetGreen
 .text.Alfa_RGB_SetRed
                0x08000a5c       0x1c ./AlfaSDK/Src/alfa_rgb.o
                0x08000a5c                Alfa_RGB_SetRed
 .text.Alfa_RGB_SetBlue
                0x08000a78       0x1c ./AlfaSDK/Src/alfa_rgb.o
                0x08000a78                Alfa_RGB_SetBlue
 .text.Alfa_RGB_Off
                0x08000a94       0x18 ./AlfaSDK/Src/alfa_rgb.o
                0x08000a94                Alfa_RGB_Off
 .text.Alfa_RTC_Init
                0x08000aac        0xc ./AlfaSDK/Src/alfa_rtc.o
                0x08000aac                Alfa_RTC_Init
 .text.Alfa_RTC_IsConfigured
                0x08000ab8       0x2c ./AlfaSDK/Src/alfa_rtc.o
                0x08000ab8                Alfa_RTC_IsConfigured
 .text.Alfa_RTC_SetDateTime
                0x08000ae4       0x9c ./AlfaSDK/Src/alfa_rtc.o
                0x08000ae4                Alfa_RTC_SetDateTime
 .text.SRAM_Select
                0x08000b80       0x18 ./AlfaSDK/Src/alfa_sram.o
 .text.SRAM_Deselect
                0x08000b98       0x18 ./AlfaSDK/Src/alfa_sram.o
 .text.SRAM_WriteMode
                0x08000bb0       0x48 ./AlfaSDK/Src/alfa_sram.o
 .text.Alfa_SRAM_Init
                0x08000bf8       0x12 ./AlfaSDK/Src/alfa_sram.o
                0x08000bf8                Alfa_SRAM_Init
 *fill*         0x08000c0a        0x2 
 .text.Alfa_SRAM_WriteBuffer
                0x08000c0c       0x98 ./AlfaSDK/Src/alfa_sram.o
                0x08000c0c                Alfa_SRAM_WriteBuffer
 .text.Alfa_SRAM_ReadBuffer
                0x08000ca4       0x98 ./AlfaSDK/Src/alfa_sram.o
                0x08000ca4                Alfa_SRAM_ReadBuffer
 .text.Alfa_SRAM_Test
                0x08000d3c       0x8c ./AlfaSDK/Src/alfa_sram.o
                0x08000d3c                Alfa_SRAM_Test
 .text.App_Setup
                0x08000dc8       0x7e ./App/Src/app.o
                0x08000dc8                App_Setup
 .text.App_Loop
                0x08000e46        0xc ./App/Src/app.o
                0x08000e46                App_Loop
 .text.main     0x08000e52       0x16 ./Core/Src/main.o
                0x08000e52                main
 .text.HAL_MspInit
                0x08000e68       0x64 ./Core/Src/stm32f1xx_hal_msp.o
                0x08000e68                HAL_MspInit
 .text.HAL_RTC_MspInit
                0x08000ecc       0x48 ./Core/Src/stm32f1xx_hal_msp.o
                0x08000ecc                HAL_RTC_MspInit
 .text.HAL_SPI_MspInit
                0x08000f14      0x148 ./Core/Src/stm32f1xx_hal_msp.o
                0x08000f14                HAL_SPI_MspInit
 .text.NMI_Handler
                0x0800105c        0x8 ./Core/Src/stm32f1xx_it.o
                0x0800105c                NMI_Handler
 .text.HardFault_Handler
                0x08001064        0x8 ./Core/Src/stm32f1xx_it.o
                0x08001064                HardFault_Handler
 .text.MemManage_Handler
                0x0800106c        0x8 ./Core/Src/stm32f1xx_it.o
                0x0800106c                MemManage_Handler
 .text.BusFault_Handler
                0x08001074        0x8 ./Core/Src/stm32f1xx_it.o
                0x08001074                BusFault_Handler
 .text.UsageFault_Handler
                0x0800107c        0x8 ./Core/Src/stm32f1xx_it.o
                0x0800107c                UsageFault_Handler
 .text.SVC_Handler
                0x08001084        0xc ./Core/Src/stm32f1xx_it.o
                0x08001084                SVC_Handler
 .text.DebugMon_Handler
                0x08001090        0xc ./Core/Src/stm32f1xx_it.o
                0x08001090                DebugMon_Handler
 .text.PendSV_Handler
                0x0800109c        0xc ./Core/Src/stm32f1xx_it.o
                0x0800109c                PendSV_Handler
 .text.SysTick_Handler
                0x080010a8        0xc ./Core/Src/stm32f1xx_it.o
                0x080010a8                SysTick_Handler
 .text.SystemInit
                0x080010b4        0xc ./Core/Src/system_stm32f1xx.o
                0x080010b4                SystemInit
 .text.Reset_Handler
                0x080010c0       0x48 ./Core/Startup/startup_stm32f107rctx.o
                0x080010c0                Reset_Handler
 .text.Default_Handler
                0x08001108        0x2 ./Core/Startup/startup_stm32f107rctx.o
                0x08001108                DMA2_Channel3_IRQHandler
                0x08001108                EXTI2_IRQHandler
                0x08001108                TIM1_CC_IRQHandler
                0x08001108                TIM6_IRQHandler
                0x08001108                PVD_IRQHandler
                0x08001108                CAN2_RX1_IRQHandler
                0x08001108                EXTI3_IRQHandler
                0x08001108                EXTI0_IRQHandler
                0x08001108                I2C2_EV_IRQHandler
                0x08001108                CAN1_RX0_IRQHandler
                0x08001108                CAN2_SCE_IRQHandler
                0x08001108                ADC1_2_IRQHandler
                0x08001108                SPI1_IRQHandler
                0x08001108                TAMPER_IRQHandler
                0x08001108                CAN2_RX0_IRQHandler
                0x08001108                DMA2_Channel2_IRQHandler
                0x08001108                DMA1_Channel4_IRQHandler
                0x08001108                USART3_IRQHandler
                0x08001108                RTC_IRQHandler
                0x08001108                DMA1_Channel7_IRQHandler
                0x08001108                CAN1_RX1_IRQHandler
                0x08001108                UART5_IRQHandler
                0x08001108                TIM4_IRQHandler
                0x08001108                DMA2_Channel1_IRQHandler
                0x08001108                I2C1_EV_IRQHandler
                0x08001108                DMA1_Channel6_IRQHandler
                0x08001108                UART4_IRQHandler
                0x08001108                DMA2_Channel4_IRQHandler
                0x08001108                TIM3_IRQHandler
                0x08001108                RCC_IRQHandler
                0x08001108                TIM1_TRG_COM_IRQHandler
                0x08001108                DMA1_Channel1_IRQHandler
                0x08001108                Default_Handler
                0x08001108                EXTI15_10_IRQHandler
                0x08001108                TIM7_IRQHandler
                0x08001108                CAN2_TX_IRQHandler
                0x08001108                TIM5_IRQHandler
                0x08001108                EXTI9_5_IRQHandler
                0x08001108                ETH_WKUP_IRQHandler
                0x08001108                SPI2_IRQHandler
                0x08001108                CAN1_TX_IRQHandler
                0x08001108                DMA2_Channel5_IRQHandler
                0x08001108                DMA1_Channel5_IRQHandler
                0x08001108                EXTI4_IRQHandler
                0x08001108                DMA1_Channel3_IRQHandler
                0x08001108                ETH_IRQHandler
                0x08001108                TIM1_UP_IRQHandler
                0x08001108                WWDG_IRQHandler
                0x08001108                TIM2_IRQHandler
                0x08001108                OTG_FS_WKUP_IRQHandler
                0x08001108                TIM1_BRK_IRQHandler
                0x08001108                EXTI1_IRQHandler
                0x08001108                USART2_IRQHandler
                0x08001108                I2C2_ER_IRQHandler
                0x08001108                DMA1_Channel2_IRQHandler
                0x08001108                CAN1_SCE_IRQHandler
                0x08001108                FLASH_IRQHandler
                0x08001108                USART1_IRQHandler
                0x08001108                OTG_FS_IRQHandler
                0x08001108                SPI3_IRQHandler
                0x08001108                I2C1_ER_IRQHandler
                0x08001108                RTC_Alarm_IRQHandler
 *fill*         0x0800110a        0x2 
 .text.HAL_Init
                0x0800110c       0x2c ./Drivers/STM32F1xx_HAL_Driver/Src/stm32f1xx_hal.o
                0x0800110c                HAL_Init
 .text.HAL_InitTick
                0x08001138       0x60 ./Drivers/STM32F1xx_HAL_Driver/Src/stm32f1xx_hal.o
                0x08001138                HAL_InitTick
 .text.HAL_IncTick
                0x08001198       0x24 ./Drivers/STM32F1xx_HAL_Driver/Src/stm32f1xx_hal.o
                0x08001198                HAL_IncTick
 .text.HAL_GetTick
                0x080011bc       0x14 ./Drivers/STM32F1xx_HAL_Driver/Src/stm32f1xx_hal.o
                0x080011bc                HAL_GetTick
 .text.__NVIC_SetPriorityGrouping
                0x080011d0       0x48 ./Drivers/STM32F1xx_HAL_Driver/Src/stm32f1xx_hal_cortex.o
 .text.__NVIC_GetPriorityGrouping
                0x08001218       0x1c ./Drivers/STM32F1xx_HAL_Driver/Src/stm32f1xx_hal_cortex.o
 .text.__NVIC_SetPriority
                0x08001234       0x54 ./Drivers/STM32F1xx_HAL_Driver/Src/stm32f1xx_hal_cortex.o
 .text.NVIC_EncodePriority
                0x08001288       0x64 ./Drivers/STM32F1xx_HAL_Driver/Src/stm32f1xx_hal_cortex.o
 .text.SysTick_Config
                0x080012ec       0x44 ./Drivers/STM32F1xx_HAL_Driver/Src/stm32f1xx_hal_cortex.o
 .text.HAL_NVIC_SetPriorityGrouping
                0x08001330       0x16 ./Drivers/STM32F1xx_HAL_Driver/Src/stm32f1xx_hal_cortex.o
                0x08001330                HAL_NVIC_SetPriorityGrouping
 .text.HAL_NVIC_SetPriority
                0x08001346       0x38 ./Drivers/STM32F1xx_HAL_Driver/Src/stm32f1xx_hal_cortex.o
                0x08001346                HAL_NVIC_SetPriority
 .text.HAL_SYSTICK_Config
                0x0800137e       0x18 ./Drivers/STM32F1xx_HAL_Driver/Src/stm32f1xx_hal_cortex.o
                0x0800137e                HAL_SYSTICK_Config
 *fill*         0x08001396        0x2 
 .text.HAL_GPIO_Init
                0x08001398      0x308 ./Drivers/STM32F1xx_HAL_Driver/Src/stm32f1xx_hal_gpio.o
                0x08001398                HAL_GPIO_Init
 .text.HAL_GPIO_WritePin
                0x080016a0       0x30 ./Drivers/STM32F1xx_HAL_Driver/Src/stm32f1xx_hal_gpio.o
                0x080016a0                HAL_GPIO_WritePin
 .text.HAL_PWR_EnableBkUpAccess
                0x080016d0       0x18 ./Drivers/STM32F1xx_HAL_Driver/Src/stm32f1xx_hal_pwr.o
                0x080016d0                HAL_PWR_EnableBkUpAccess
 .text.HAL_RCC_OscConfig
                0x080016e8      0x62c ./Drivers/STM32F1xx_HAL_Driver/Src/stm32f1xx_hal_rcc.o
                0x080016e8                HAL_RCC_OscConfig
 .text.HAL_RCC_ClockConfig
                0x08001d14      0x1d4 ./Drivers/STM32F1xx_HAL_Driver/Src/stm32f1xx_hal_rcc.o
                0x08001d14                HAL_RCC_ClockConfig
 .text.HAL_RCC_GetSysClockFreq
                0x08001ee8      0x178 ./Drivers/STM32F1xx_HAL_Driver/Src/stm32f1xx_hal_rcc.o
                0x08001ee8                HAL_RCC_GetSysClockFreq
 .text.HAL_RCC_GetHCLKFreq
                0x08002060       0x14 ./Drivers/STM32F1xx_HAL_Driver/Src/stm32f1xx_hal_rcc.o
                0x08002060                HAL_RCC_GetHCLKFreq
 .text.HAL_RCC_GetPCLK2Freq
                0x08002074       0x28 ./Drivers/STM32F1xx_HAL_Driver/Src/stm32f1xx_hal_rcc.o
                0x08002074                HAL_RCC_GetPCLK2Freq
 .text.RCC_Delay
                0x0800209c       0x3c ./Drivers/STM32F1xx_HAL_Driver/Src/stm32f1xx_hal_rcc.o
 .text.HAL_RCCEx_PeriphCLKConfig
                0x080020d8      0x264 ./Drivers/STM32F1xx_HAL_Driver/Src/stm32f1xx_hal_rcc_ex.o
                0x080020d8                HAL_RCCEx_PeriphCLKConfig
 .text.HAL_RCCEx_GetPeriphCLKFreq
                0x0800233c      0x2a4 ./Drivers/STM32F1xx_HAL_Driver/Src/stm32f1xx_hal_rcc_ex.o
                0x0800233c                HAL_RCCEx_GetPeriphCLKFreq
 .text.HAL_RTC_Init
                0x080025e0      0x118 ./Drivers/STM32F1xx_HAL_Driver/Src/stm32f1xx_hal_rtc.o
                0x080025e0                HAL_RTC_Init
 .text.HAL_RTC_SetTime
                0x080026f8      0x12e ./Drivers/STM32F1xx_HAL_Driver/Src/stm32f1xx_hal_rtc.o
                0x080026f8                HAL_RTC_SetTime
 *fill*         0x08002826        0x2 
 .text.HAL_RTC_SetDate
                0x08002828      0x16c ./Drivers/STM32F1xx_HAL_Driver/Src/stm32f1xx_hal_rtc.o
                0x08002828                HAL_RTC_SetDate
 .text.HAL_RTC_WaitForSynchro
                0x08002994       0x5a ./Drivers/STM32F1xx_HAL_Driver/Src/stm32f1xx_hal_rtc.o
                0x08002994                HAL_RTC_WaitForSynchro
 .text.RTC_ReadTimeCounter
                0x080029ee       0x60 ./Drivers/STM32F1xx_HAL_Driver/Src/stm32f1xx_hal_rtc.o
 .text.RTC_WriteTimeCounter
                0x08002a4e       0x4e ./Drivers/STM32F1xx_HAL_Driver/Src/stm32f1xx_hal_rtc.o
 .text.RTC_ReadAlarmCounter
                0x08002a9c       0x32 ./Drivers/STM32F1xx_HAL_Driver/Src/stm32f1xx_hal_rtc.o
 .text.RTC_WriteAlarmCounter
                0x08002ace       0x4e ./Drivers/STM32F1xx_HAL_Driver/Src/stm32f1xx_hal_rtc.o
 .text.RTC_EnterInitMode
                0x08002b1c       0x50 ./Drivers/STM32F1xx_HAL_Driver/Src/stm32f1xx_hal_rtc.o
 .text.RTC_ExitInitMode
                0x08002b6c       0x50 ./Drivers/STM32F1xx_HAL_Driver/Src/stm32f1xx_hal_rtc.o
 .text.RTC_Bcd2ToByte
                0x08002bbc       0x3a ./Drivers/STM32F1xx_HAL_Driver/Src/stm32f1xx_hal_rtc.o
 *fill*         0x08002bf6        0x2 
 .text.RTC_WeekDayNum
                0x08002bf8       0xf0 ./Drivers/STM32F1xx_HAL_Driver/Src/stm32f1xx_hal_rtc.o
 .text.HAL_RTCEx_BKUPWrite
                0x08002ce8       0x34 ./Drivers/STM32F1xx_HAL_Driver/Src/stm32f1xx_hal_rtc_ex.o
                0x08002ce8                HAL_RTCEx_BKUPWrite
 .text.HAL_RTCEx_BKUPRead
                0x08002d1c       0x38 ./Drivers/STM32F1xx_HAL_Driver/Src/stm32f1xx_hal_rtc_ex.o
                0x08002d1c                HAL_RTCEx_BKUPRead
 .text.HAL_SPI_Init
                0x08002d54      0x108 ./Drivers/STM32F1xx_HAL_Driver/Src/stm32f1xx_hal_spi.o
                0x08002d54                HAL_SPI_Init
 .text.HAL_SPI_Transmit
                0x08002e5c      0x288 ./Drivers/STM32F1xx_HAL_Driver/Src/stm32f1xx_hal_spi.o
                0x08002e5c                HAL_SPI_Transmit
 .text.HAL_SPI_Receive
                0x080030e4      0x232 ./Drivers/STM32F1xx_HAL_Driver/Src/stm32f1xx_hal_spi.o
                0x080030e4                HAL_SPI_Receive
 .text.HAL_SPI_TransmitReceive
                0x08003316      0x352 ./Drivers/STM32F1xx_HAL_Driver/Src/stm32f1xx_hal_spi.o
                0x08003316                HAL_SPI_TransmitReceive
 .text.SPI_WaitFlagStateUntilTimeout
                0x08003668      0x110 ./Drivers/STM32F1xx_HAL_Driver/Src/stm32f1xx_hal_spi.o
 .text.SPI_EndRxTransaction
                0x08003778       0xa4 ./Drivers/STM32F1xx_HAL_Driver/Src/stm32f1xx_hal_spi.o
 .text.SPI_EndRxTxTransaction
                0x0800381c       0x62 ./Drivers/STM32F1xx_HAL_Driver/Src/stm32f1xx_hal_spi.o
 .text.memset   0x0800387e       0x10 /Applications/STM32CubeIDE.app/Contents/Eclipse/plugins/com.st.stm32cube.ide.mcu.externaltools.gnu-tools-for-stm32.14.3.rel1.macosaarch64_1.0.0.202602081740/tools/bin/../lib/gcc/arm-none-eabi/14.3.1/../../../../arm-none-eabi/lib/thumb/v7-m/nofp/libc_nano.a(libc_a-memset.o)
                0x0800387e                memset
 *fill*         0x0800388e        0x2 
 .text.__libc_init_array
                0x08003890       0x48 /Applications/STM32CubeIDE.app/Contents/Eclipse/plugins/com.st.stm32cube.ide.mcu.externaltools.gnu-tools-for-stm32.14.3.rel1.macosaarch64_1.0.0.202602081740/tools/bin/../lib/gcc/arm-none-eabi/14.3.1/../../../../arm-none-eabi/lib/thumb/v7-m/nofp/libc_nano.a(libc_a-init.o)
                0x08003890                __libc_init_array
 *(.glue_7)
 .glue_7        0x080038d8        0x0 linker stubs
 *(.glue_7t)
 .glue_7t       0x080038d8        0x0 linker stubs
 *(.eh_frame)
 .eh_frame      0x080038d8        0x0 /Applications/STM32CubeIDE.app/Contents/Eclipse/plugins/com.st.stm32cube.ide.mcu.externaltools.gnu-tools-for-stm32.14.3.rel1.macosaarch64_1.0.0.202602081740/tools/bin/../lib/gcc/arm-none-eabi/14.3.1/thumb/v7-m/nofp/crtbegin.o
 *(.init)
 .init          0x080038d8        0x4 /Applications/STM32CubeIDE.app/Contents/Eclipse/plugins/com.st.stm32cube.ide.mcu.externaltools.gnu-tools-for-stm32.14.3.rel1.macosaarch64_1.0.0.202602081740/tools/bin/../lib/gcc/arm-none-eabi/14.3.1/thumb/v7-m/nofp/crti.o
                0x080038d8                _init
 .init          0x080038dc        0x8 /Applications/STM32CubeIDE.app/Contents/Eclipse/plugins/com.st.stm32cube.ide.mcu.externaltools.gnu-tools-for-stm32.14.3.rel1.macosaarch64_1.0.0.202602081740/tools/bin/../lib/gcc/arm-none-eabi/14.3.1/thumb/v7-m/nofp/crtn.o
 *(.fini)
 .fini          0x080038e4        0x4 /Applications/STM32CubeIDE.app/Contents/Eclipse/plugins/com.st.stm32cube.ide.mcu.externaltools.gnu-tools-for-stm32.14.3.rel1.macosaarch64_1.0.0.202602081740/tools/bin/../lib/gcc/arm-none-eabi/14.3.1/thumb/v7-m/nofp/crti.o
                0x080038e4                _fini
 .fini          0x080038e8        0x8 /Applications/STM32CubeIDE.app/Contents/Eclipse/plugins/com.st.stm32cube.ide.mcu.externaltools.gnu-tools-for-stm32.14.3.rel1.macosaarch64_1.0.0.202602081740/tools/bin/../lib/gcc/arm-none-eabi/14.3.1/thumb/v7-m/nofp/crtn.o
                0x080038f0                        . = ALIGN (0x4)
                0x080038f0                        _etext = .

.vfp11_veneer   0x080038f0        0x0
 .vfp11_veneer  0x080038f0        0x0 linker stubs

.v4_bx          0x080038f0        0x0
 .v4_bx         0x080038f0        0x0 linker stubs

.iplt           0x080038f0        0x0
 .iplt          0x080038f0        0x0 /Applications/STM32CubeIDE.app/Contents/Eclipse/plugins/com.st.stm32cube.ide.mcu.externaltools.gnu-tools-for-stm32.14.3.rel1.macosaarch64_1.0.0.202602081740/tools/bin/../lib/gcc/arm-none-eabi/14.3.1/thumb/v7-m/nofp/crtbegin.o

.rodata         0x080038f0       0x60
                0x080038f0                        . = ALIGN (0x4)
 *(.rodata)
 .rodata        0x080038f0        0x8 ./AlfaSDK/Src/alfa_sram.o
 *(.rodata*)
 .rodata.AHBPrescTable
                0x080038f8       0x10 ./Core/Src/system_stm32f1xx.o
                0x080038f8                AHBPrescTable
 .rodata.APBPrescTable
                0x08003908        0x8 ./Core/Src/system_stm32f1xx.o
                0x08003908                APBPrescTable
 .rodata.aPLLMULFactorTable.1
                0x08003910        0xe ./Drivers/STM32F1xx_HAL_Driver/Src/stm32f1xx_hal_rcc.o
 *fill*         0x0800391e        0x2 
 .rodata.aPredivFactorTable.0
                0x08003920       0x10 ./Drivers/STM32F1xx_HAL_Driver/Src/stm32f1xx_hal_rcc.o
 .rodata.aPLLMULFactorTable.1
                0x08003930        0xe ./Drivers/STM32F1xx_HAL_Driver/Src/stm32f1xx_hal_rcc_ex.o
 *fill*         0x0800393e        0x2 
 .rodata.aPredivFactorTable.0
                0x08003940       0x10 ./Drivers/STM32F1xx_HAL_Driver/Src/stm32f1xx_hal_rcc_ex.o
                0x08003950                        . = ALIGN (0x4)

.ARM.extab      0x08003950        0x0
                0x08003950                        . = ALIGN (0x4)
 *(.ARM.extab* .gnu.linkonce.armextab.*)
                0x08003950                        . = ALIGN (0x4)

.ARM            0x08003950        0x8
                0x08003950                        . = ALIGN (0x4)
                0x08003950                        __exidx_start = .
 *(.ARM.exidx*)
 .ARM.exidx     0x08003950        0x8 /Applications/STM32CubeIDE.app/Contents/Eclipse/plugins/com.st.stm32cube.ide.mcu.externaltools.gnu-tools-for-stm32.14.3.rel1.macosaarch64_1.0.0.202602081740/tools/bin/../lib/gcc/arm-none-eabi/14.3.1/thumb/v7-m/nofp/libgcc.a(_udivmoddi4.o)
                0x08003958                        __exidx_end = .
                0x08003958                        . = ALIGN (0x4)

.preinit_array  0x08003958        0x0
                0x08003958                        . = ALIGN (0x4)
                0x08003958                        PROVIDE (__preinit_array_start = .)
 *(.preinit_array*)
                0x08003958                        PROVIDE (__preinit_array_end = .)
                0x08003958                        . = ALIGN (0x4)

.init_array     0x08003958        0x4
                0x08003958                        . = ALIGN (0x4)
                0x08003958                        PROVIDE (__init_array_start = .)
 *(SORT_BY_NAME(.init_array.*))
 *(.init_array*)
 .init_array    0x08003958        0x4 /Applications/STM32CubeIDE.app/Contents/Eclipse/plugins/com.st.stm32cube.ide.mcu.externaltools.gnu-tools-for-stm32.14.3.rel1.macosaarch64_1.0.0.202602081740/tools/bin/../lib/gcc/arm-none-eabi/14.3.1/thumb/v7-m/nofp/crtbegin.o
                0x0800395c                        PROVIDE (__init_array_end = .)
                0x0800395c                        . = ALIGN (0x4)

.fini_array     0x0800395c        0x4
                0x0800395c                        . = ALIGN (0x4)
                [!provide]                        PROVIDE (__fini_array_start = .)
 *(SORT_BY_NAME(.fini_array.*))
 *(.fini_array*)
 .fini_array    0x0800395c        0x4 /Applications/STM32CubeIDE.app/Contents/Eclipse/plugins/com.st.stm32cube.ide.mcu.externaltools.gnu-tools-for-stm32.14.3.rel1.macosaarch64_1.0.0.202602081740/tools/bin/../lib/gcc/arm-none-eabi/14.3.1/thumb/v7-m/nofp/crtbegin.o
                [!provide]                        PROVIDE (__fini_array_end = .)
                0x08003960                        . = ALIGN (0x4)
                0x08003960                        _sidata = LOADADDR (.data)

.rel.dyn        0x08003960        0x0
 .rel.iplt      0x08003960        0x0 /Applications/STM32CubeIDE.app/Contents/Eclipse/plugins/com.st.stm32cube.ide.mcu.externaltools.gnu-tools-for-stm32.14.3.rel1.macosaarch64_1.0.0.202602081740/tools/bin/../lib/gcc/arm-none-eabi/14.3.1/thumb/v7-m/nofp/crtbegin.o

.data           0x20000000        0xc load address 0x08003960
                0x20000000                        . = ALIGN (0x4)
                0x20000000                        _sdata = .
 *(.data)
 *(.data*)
 .data.SystemCoreClock
                0x20000000        0x4 ./Core/Src/system_stm32f1xx.o
                0x20000000                SystemCoreClock
 .data.uwTickPrio
                0x20000004        0x4 ./Drivers/STM32F1xx_HAL_Driver/Src/stm32f1xx_hal.o
                0x20000004                uwTickPrio
 .data.uwTickFreq
                0x20000008        0x1 ./Drivers/STM32F1xx_HAL_Driver/Src/stm32f1xx_hal.o
                0x20000008                uwTickFreq
 *(.RamFunc)
 *(.RamFunc*)
                0x2000000c                        . = ALIGN (0x4)
 *fill*         0x20000009        0x3 
                0x2000000c                        _edata = .

.igot.plt       0x2000000c        0x0 load address 0x0800396c
 .igot.plt      0x2000000c        0x0 /Applications/STM32CubeIDE.app/Contents/Eclipse/plugins/com.st.stm32cube.ide.mcu.externaltools.gnu-tools-for-stm32.14.3.rel1.macosaarch64_1.0.0.202602081740/tools/bin/../lib/gcc/arm-none-eabi/14.3.1/thumb/v7-m/nofp/crtbegin.o
                0x2000000c                        . = ALIGN (0x4)

.bss            0x2000000c       0xe4 load address 0x0800396c
                0x2000000c                        _sbss = .
                0x2000000c                        __bss_start__ = _sbss
 *(.bss)
 .bss           0x2000000c       0x1c /Applications/STM32CubeIDE.app/Contents/Eclipse/plugins/com.st.stm32cube.ide.mcu.externaltools.gnu-tools-for-stm32.14.3.rel1.macosaarch64_1.0.0.202602081740/tools/bin/../lib/gcc/arm-none-eabi/14.3.1/thumb/v7-m/nofp/crtbegin.o
 *(.bss*)
 .bss.hrtc      0x20000028       0x14 ./AlfaSDK/Src/alfa_board.o
                0x20000028                hrtc
 .bss.hspi1     0x2000003c       0x58 ./AlfaSDK/Src/alfa_board.o
                0x2000003c                hspi1
 .bss.hspi3     0x20000094       0x58 ./AlfaSDK/Src/alfa_board.o
                0x20000094                hspi3
 .bss.uwTick    0x200000ec        0x4 ./Drivers/STM32F1xx_HAL_Driver/Src/stm32f1xx_hal.o
                0x200000ec                uwTick
 *(COMMON)
                0x200000f0                        . = ALIGN (0x4)
                0x200000f0                        _ebss = .
                0x200000f0                        __bss_end__ = _ebss

._user_heap_stack
                0x200000f0      0x600 load address 0x0800396c
                0x200000f0                        . = ALIGN (0x8)
                [!provide]                        PROVIDE (end = .)
                0x200000f0                        PROVIDE (_end = .)
                0x200002f0                        . = (. + _Min_Heap_Size)
 *fill*         0x200000f0      0x200 
                0x200006f0                        . = (. + _Min_Stack_Size)
 *fill*         0x200002f0      0x400 
                0x200006f0                        . = ALIGN (0x8)

/DISCARD/
 libc.a(*)
 libm.a(*)
 libgcc.a(*)

.ARM.attributes
                0x00000000       0x29
 *(.ARM.attributes)
 .ARM.attributes
                0x00000000       0x1d /Applications/STM32CubeIDE.app/Contents/Eclipse/plugins/com.st.stm32cube.ide.mcu.externaltools.gnu-tools-for-stm32.14.3.rel1.macosaarch64_1.0.0.202602081740/tools/bin/../lib/gcc/arm-none-eabi/14.3.1/thumb/v7-m/nofp/crti.o
 .ARM.attributes
                0x0000001d       0x2d /Applications/STM32CubeIDE.app/Contents/Eclipse/plugins/com.st.stm32cube.ide.mcu.externaltools.gnu-tools-for-stm32.14.3.rel1.macosaarch64_1.0.0.202602081740/tools/bin/../lib/gcc/arm-none-eabi/14.3.1/thumb/v7-m/nofp/crtbegin.o
 .ARM.attributes
                0x0000004a       0x2d ./AlfaSDK/Src/alfa_board.o
 .ARM.attributes
                0x00000077       0x2d ./AlfaSDK/Src/alfa_flash.o
 .ARM.attributes
                0x000000a4       0x2d ./AlfaSDK/Src/alfa_obc.o
 .ARM.attributes
                0x000000d1       0x2d ./AlfaSDK/Src/alfa_rgb.o
 .ARM.attributes
                0x000000fe       0x2d ./AlfaSDK/Src/alfa_rtc.o
 .ARM.attributes
                0x0000012b       0x2d ./AlfaSDK/Src/alfa_sram.o
 .ARM.attributes
                0x00000158       0x2d ./App/Src/app.o
 .ARM.attributes
                0x00000185       0x2d ./Core/Src/main.o
 .ARM.attributes
                0x000001b2       0x2d ./Core/Src/stm32f1xx_hal_msp.o
 .ARM.attributes
                0x000001df       0x2d ./Core/Src/stm32f1xx_it.o
 .ARM.attributes
                0x0000020c       0x2d ./Core/Src/system_stm32f1xx.o
 .ARM.attributes
                0x00000239       0x21 ./Core/Startup/startup_stm32f107rctx.o
 .ARM.attributes
                0x0000025a       0x2d ./Drivers/STM32F1xx_HAL_Driver/Src/stm32f1xx_hal.o
 .ARM.attributes
                0x00000287       0x2d ./Drivers/STM32F1xx_HAL_Driver/Src/stm32f1xx_hal_cortex.o
 .ARM.attributes
                0x000002b4       0x2d ./Drivers/STM32F1xx_HAL_Driver/Src/stm32f1xx_hal_gpio.o
 .ARM.attributes
                0x000002e1       0x2d ./Drivers/STM32F1xx_HAL_Driver/Src/stm32f1xx_hal_pwr.o
 .ARM.attributes
                0x0000030e       0x2d ./Drivers/STM32F1xx_HAL_Driver/Src/stm32f1xx_hal_rcc.o
 .ARM.attributes
                0x0000033b       0x2d ./Drivers/STM32F1xx_HAL_Driver/Src/stm32f1xx_hal_rcc_ex.o
 .ARM.attributes
                0x00000368       0x2d ./Drivers/STM32F1xx_HAL_Driver/Src/stm32f1xx_hal_rtc.o
 .ARM.attributes
                0x00000395       0x2d ./Drivers/STM32F1xx_HAL_Driver/Src/stm32f1xx_hal_rtc_ex.o
 .ARM.attributes
                0x000003c2       0x2d ./Drivers/STM32F1xx_HAL_Driver/Src/stm32f1xx_hal_spi.o
 .ARM.attributes
                0x000003ef       0x2d /Applications/STM32CubeIDE.app/Contents/Eclipse/plugins/com.st.stm32cube.ide.mcu.externaltools.gnu-tools-for-stm32.14.3.rel1.macosaarch64_1.0.0.202602081740/tools/bin/../lib/gcc/arm-none-eabi/14.3.1/../../../../arm-none-eabi/lib/thumb/v7-m/nofp/libc_nano.a(libc_a-memset.o)
 .ARM.attributes
                0x0000041c       0x2d /Applications/STM32CubeIDE.app/Contents/Eclipse/plugins/com.st.stm32cube.ide.mcu.externaltools.gnu-tools-for-stm32.14.3.rel1.macosaarch64_1.0.0.202602081740/tools/bin/../lib/gcc/arm-none-eabi/14.3.1/../../../../arm-none-eabi/lib/thumb/v7-m/nofp/libc_nano.a(libc_a-init.o)
 .ARM.attributes
                0x00000449       0x1d /Applications/STM32CubeIDE.app/Contents/Eclipse/plugins/com.st.stm32cube.ide.mcu.externaltools.gnu-tools-for-stm32.14.3.rel1.macosaarch64_1.0.0.202602081740/tools/bin/../lib/gcc/arm-none-eabi/14.3.1/thumb/v7-m/nofp/libgcc.a(_aeabi_uldivmod.o)
 .ARM.attributes
                0x00000466       0x2d /Applications/STM32CubeIDE.app/Contents/Eclipse/plugins/com.st.stm32cube.ide.mcu.externaltools.gnu-tools-for-stm32.14.3.rel1.macosaarch64_1.0.0.202602081740/tools/bin/../lib/gcc/arm-none-eabi/14.3.1/thumb/v7-m/nofp/libgcc.a(_udivmoddi4.o)
 .ARM.attributes
                0x00000493       0x1d /Applications/STM32CubeIDE.app/Contents/Eclipse/plugins/com.st.stm32cube.ide.mcu.externaltools.gnu-tools-for-stm32.14.3.rel1.macosaarch64_1.0.0.202602081740/tools/bin/../lib/gcc/arm-none-eabi/14.3.1/thumb/v7-m/nofp/libgcc.a(_dvmd_tls.o)
 .ARM.attributes
                0x000004b0       0x1d /Applications/STM32CubeIDE.app/Contents/Eclipse/plugins/com.st.stm32cube.ide.mcu.externaltools.gnu-tools-for-stm32.14.3.rel1.macosaarch64_1.0.0.202602081740/tools/bin/../lib/gcc/arm-none-eabi/14.3.1/thumb/v7-m/nofp/crtn.o
OUTPUT(alfa_obc.elf elf32-littlearm)
LOAD linker stubs
LOAD /Applications/STM32CubeIDE.app/Contents/Eclipse/plugins/com.st.stm32cube.ide.mcu.externaltools.gnu-tools-for-stm32.14.3.rel1.macosaarch64_1.0.0.202602081740/tools/bin/../lib/gcc/arm-none-eabi/14.3.1/../../../../arm-none-eabi/lib/thumb/v7-m/nofp/libc.a
LOAD /Applications/STM32CubeIDE.app/Contents/Eclipse/plugins/com.st.stm32cube.ide.mcu.externaltools.gnu-tools-for-stm32.14.3.rel1.macosaarch64_1.0.0.202602081740/tools/bin/../lib/gcc/arm-none-eabi/14.3.1/../../../../arm-none-eabi/lib/thumb/v7-m/nofp/libm.a
LOAD /Applications/STM32CubeIDE.app/Contents/Eclipse/plugins/com.st.stm32cube.ide.mcu.externaltools.gnu-tools-for-stm32.14.3.rel1.macosaarch64_1.0.0.202602081740/tools/bin/../lib/gcc/arm-none-eabi/14.3.1/thumb/v7-m/nofp/libgcc.a

.debug_info     0x00000000     0x8de5
 .debug_info    0x00000000      0xe01 ./AlfaSDK/Src/alfa_board.o
 .debug_info    0x00000e01      0x7f6 ./AlfaSDK/Src/alfa_flash.o
 .debug_info    0x000015f7       0xa6 ./AlfaSDK/Src/alfa_obc.o
 .debug_info    0x0000169d      0x1f5 ./AlfaSDK/Src/alfa_rgb.o
 .debug_info    0x00001892      0x4dc ./AlfaSDK/Src/alfa_rtc.o
 .debug_info    0x00001d6e      0x89d ./AlfaSDK/Src/alfa_sram.o
 .debug_info    0x0000260b      0x149 ./App/Src/app.o
 .debug_info    0x00002754       0xaa ./Core/Src/main.o
 .debug_info    0x000027fe      0xade ./Core/Src/stm32f1xx_hal_msp.o
 .debug_info    0x000032dc      0x113 ./Core/Src/stm32f1xx_it.o
 .debug_info    0x000033ef      0x257 ./Core/Src/system_stm32f1xx.o
 .debug_info    0x00003646       0x30 ./Core/Startup/startup_stm32f107rctx.o
 .debug_info    0x00003676      0x78c ./Drivers/STM32F1xx_HAL_Driver/Src/stm32f1xx_hal.o
 .debug_info    0x00003e02      0xaf3 ./Drivers/STM32F1xx_HAL_Driver/Src/stm32f1xx_hal_cortex.o
 .debug_info    0x000048f5      0x5c5 ./Drivers/STM32F1xx_HAL_Driver/Src/stm32f1xx_hal_gpio.o
 .debug_info    0x00004eba      0x644 ./Drivers/STM32F1xx_HAL_Driver/Src/stm32f1xx_hal_pwr.o
 .debug_info    0x000054fe      0x895 ./Drivers/STM32F1xx_HAL_Driver/Src/stm32f1xx_hal_rcc.o
 .debug_info    0x00005d93      0x585 ./Drivers/STM32F1xx_HAL_Driver/Src/stm32f1xx_hal_rcc_ex.o
 .debug_info    0x00006318      0xe30 ./Drivers/STM32F1xx_HAL_Driver/Src/stm32f1xx_hal_rtc.o
 .debug_info    0x00007148      0x864 ./Drivers/STM32F1xx_HAL_Driver/Src/stm32f1xx_hal_rtc_ex.o
 .debug_info    0x000079ac     0x1439 ./Drivers/STM32F1xx_HAL_Driver/Src/stm32f1xx_hal_spi.o

.debug_abbrev   0x00000000     0x21fe
 .debug_abbrev  0x00000000      0x245 ./AlfaSDK/Src/alfa_board.o
 .debug_abbrev  0x00000245      0x200 ./AlfaSDK/Src/alfa_flash.o
 .debug_abbrev  0x00000445       0x59 ./AlfaSDK/Src/alfa_obc.o
 .debug_abbrev  0x0000049e       0xe4 ./AlfaSDK/Src/alfa_rgb.o
 .debug_abbrev  0x00000582      0x1ae ./AlfaSDK/Src/alfa_rtc.o
 .debug_abbrev  0x00000730      0x224 ./AlfaSDK/Src/alfa_sram.o
 .debug_abbrev  0x00000954       0xc9 ./App/Src/app.o
 .debug_abbrev  0x00000a1d       0x5b ./Core/Src/main.o
 .debug_abbrev  0x00000a78      0x1da ./Core/Src/stm32f1xx_hal_msp.o
 .debug_abbrev  0x00000c52       0x73 ./Core/Src/stm32f1xx_it.o
 .debug_abbrev  0x00000cc5      0x11a ./Core/Src/system_stm32f1xx.o
 .debug_abbrev  0x00000ddf       0x24 ./Core/Startup/startup_stm32f107rctx.o
 .debug_abbrev  0x00000e03      0x201 ./Drivers/STM32F1xx_HAL_Driver/Src/stm32f1xx_hal.o
 .debug_abbrev  0x00001004      0x2f8 ./Drivers/STM32F1xx_HAL_Driver/Src/stm32f1xx_hal_cortex.o
 .debug_abbrev  0x000012fc      0x1ca ./Drivers/STM32F1xx_HAL_Driver/Src/stm32f1xx_hal_gpio.o
 .debug_abbrev  0x000014c6      0x1f6 ./Drivers/STM32F1xx_HAL_Driver/Src/stm32f1xx_hal_pwr.o
 .debug_abbrev  0x000016bc      0x293 ./Drivers/STM32F1xx_HAL_Driver/Src/stm32f1xx_hal_rcc.o
 .debug_abbrev  0x0000194f      0x1ac ./Drivers/STM32F1xx_HAL_Driver/Src/stm32f1xx_hal_rcc_ex.o
 .debug_abbrev  0x00001afb      0x24c ./Drivers/STM32F1xx_HAL_Driver/Src/stm32f1xx_hal_rtc.o
 .debug_abbrev  0x00001d47      0x23d ./Drivers/STM32F1xx_HAL_Driver/Src/stm32f1xx_hal_rtc_ex.o
 .debug_abbrev  0x00001f84      0x27a ./Drivers/STM32F1xx_HAL_Driver/Src/stm32f1xx_hal_spi.o

.debug_aranges  0x00000000      0xa10
 .debug_aranges
                0x00000000       0x50 ./AlfaSDK/Src/alfa_board.o
 .debug_aranges
                0x00000050       0x50 ./AlfaSDK/Src/alfa_flash.o
 .debug_aranges
                0x000000a0       0x20 ./AlfaSDK/Src/alfa_obc.o
 .debug_aranges
                0x000000c0       0x58 ./AlfaSDK/Src/alfa_rgb.o
 .debug_aranges
                0x00000118       0x50 ./AlfaSDK/Src/alfa_rtc.o
 .debug_aranges
                0x00000168       0x60 ./AlfaSDK/Src/alfa_sram.o
 .debug_aranges
                0x000001c8       0x28 ./App/Src/app.o
 .debug_aranges
                0x000001f0       0x20 ./Core/Src/main.o
 .debug_aranges
                0x00000210       0x40 ./Core/Src/stm32f1xx_hal_msp.o
 .debug_aranges
                0x00000250       0x60 ./Core/Src/stm32f1xx_it.o
 .debug_aranges
                0x000002b0       0x28 ./Core/Src/system_stm32f1xx.o
 .debug_aranges
                0x000002d8       0x28 ./Core/Startup/startup_stm32f107rctx.o
 .debug_aranges
                0x00000300       0xe0 ./Drivers/STM32F1xx_HAL_Driver/Src/stm32f1xx_hal.o
 .debug_aranges
                0x000003e0      0x100 ./Drivers/STM32F1xx_HAL_Driver/Src/stm32f1xx_hal_cortex.o
 .debug_aranges
                0x000004e0       0x58 ./Drivers/STM32F1xx_HAL_Driver/Src/stm32f1xx_hal_gpio.o
 .debug_aranges
                0x00000538       0xa8 ./Drivers/STM32F1xx_HAL_Driver/Src/stm32f1xx_hal_pwr.o
 .debug_aranges
                0x000005e0       0x90 ./Drivers/STM32F1xx_HAL_Driver/Src/stm32f1xx_hal_rcc.o
 .debug_aranges
                0x00000670       0x50 ./Drivers/STM32F1xx_HAL_Driver/Src/stm32f1xx_hal_rcc_ex.o
 .debug_aranges
                0x000006c0       0xf8 ./Drivers/STM32F1xx_HAL_Driver/Src/stm32f1xx_hal_rtc.o
 .debug_aranges
                0x000007b8       0x88 ./Drivers/STM32F1xx_HAL_Driver/Src/stm32f1xx_hal_rtc_ex.o
 .debug_aranges
                0x00000840      0x1d0 ./Drivers/STM32F1xx_HAL_Driver/Src/stm32f1xx_hal_spi.o

.debug_rnglists
                0x00000000      0x75f
 .debug_rnglists
                0x00000000       0x3a ./AlfaSDK/Src/alfa_board.o
 .debug_rnglists
                0x0000003a       0x38 ./AlfaSDK/Src/alfa_flash.o
 .debug_rnglists
                0x00000072       0x13 ./AlfaSDK/Src/alfa_obc.o
 .debug_rnglists
                0x00000085       0x3d ./AlfaSDK/Src/alfa_rgb.o
 .debug_rnglists
                0x000000c2       0x38 ./AlfaSDK/Src/alfa_rtc.o
 .debug_rnglists
                0x000000fa       0x46 ./AlfaSDK/Src/alfa_sram.o
 .debug_rnglists
                0x00000140       0x19 ./App/Src/app.o
 .debug_rnglists
                0x00000159       0x13 ./Core/Src/main.o
 .debug_rnglists
                0x0000016c       0x2c ./Core/Src/stm32f1xx_hal_msp.o
 .debug_rnglists
                0x00000198       0x43 ./Core/Src/stm32f1xx_it.o
 .debug_rnglists
                0x000001db       0x1a ./Core/Src/system_stm32f1xx.o
 .debug_rnglists
                0x000001f5       0x19 ./Core/Startup/startup_stm32f107rctx.o
 .debug_rnglists
                0x0000020e       0xa3 ./Drivers/STM32F1xx_HAL_Driver/Src/stm32f1xx_hal.o
 .debug_rnglists
                0x000002b1       0xbb ./Drivers/STM32F1xx_HAL_Driver/Src/stm32f1xx_hal_cortex.o
 .debug_rnglists
                0x0000036c       0x3f ./Drivers/STM32F1xx_HAL_Driver/Src/stm32f1xx_hal_gpio.o
 .debug_rnglists
                0x000003ab       0x7a ./Drivers/STM32F1xx_HAL_Driver/Src/stm32f1xx_hal_pwr.o
 .debug_rnglists
                0x00000425       0x6c ./Drivers/STM32F1xx_HAL_Driver/Src/stm32f1xx_hal_rcc.o
 .debug_rnglists
                0x00000491       0x3c ./Drivers/STM32F1xx_HAL_Driver/Src/stm32f1xx_hal_rcc_ex.o
 .debug_rnglists
                0x000004cd       0xc1 ./Drivers/STM32F1xx_HAL_Driver/Src/stm32f1xx_hal_rtc.o
 .debug_rnglists
                0x0000058e       0x63 ./Drivers/STM32F1xx_HAL_Driver/Src/stm32f1xx_hal_rtc_ex.o
 .debug_rnglists
                0x000005f1      0x16e ./Drivers/STM32F1xx_HAL_Driver/Src/stm32f1xx_hal_spi.o

.debug_macro    0x00000000    0x1f7a1
 .debug_macro   0x00000000      0x1bb ./AlfaSDK/Src/alfa_board.o
 .debug_macro   0x000001bb      0xacc ./AlfaSDK/Src/alfa_board.o
 .debug_macro   0x00000c87      0x21b ./AlfaSDK/Src/alfa_board.o
 .debug_macro   0x00000ea2       0x2e ./AlfaSDK/Src/alfa_board.o
 .debug_macro   0x00000ed0       0x22 ./AlfaSDK/Src/alfa_board.o
 .debug_macro   0x00000ef2       0x22 ./AlfaSDK/Src/alfa_board.o
 .debug_macro   0x00000f14       0x8e ./AlfaSDK/Src/alfa_board.o
 .debug_macro   0x00000fa2       0x51 ./AlfaSDK/Src/alfa_board.o
 .debug_macro   0x00000ff3      0x103 ./AlfaSDK/Src/alfa_board.o
 .debug_macro   0x000010f6       0x6a ./AlfaSDK/Src/alfa_board.o
 .debug_macro   0x00001160      0x1df ./AlfaSDK/Src/alfa_board.o
 .debug_macro   0x0000133f       0x1c ./AlfaSDK/Src/alfa_board.o
 .debug_macro   0x0000135b       0x22 ./AlfaSDK/Src/alfa_board.o
 .debug_macro   0x0000137d       0xbd ./AlfaSDK/Src/alfa_board.o
 .debug_macro   0x0000143a      0xd23 ./AlfaSDK/Src/alfa_board.o
 .debug_macro   0x0000215d    0x15c59 ./AlfaSDK/Src/alfa_board.o
 .debug_macro   0x00017db6       0x6d ./AlfaSDK/Src/alfa_board.o
 .debug_macro   0x00017e23     0x34a2 ./AlfaSDK/Src/alfa_board.o
 .debug_macro   0x0001b2c5      0x190 ./AlfaSDK/Src/alfa_board.o
 .debug_macro   0x0001b455       0x5c ./AlfaSDK/Src/alfa_board.o
 .debug_macro   0x0001b4b1      0x5bc ./AlfaSDK/Src/alfa_board.o
 .debug_macro   0x0001ba6d      0x6b4 ./AlfaSDK/Src/alfa_board.o
 .debug_macro   0x0001c121      0x1cb ./AlfaSDK/Src/alfa_board.o
 .debug_macro   0x0001c2ec      0x114 ./AlfaSDK/Src/alfa_board.o
 .debug_macro   0x0001c400      0x214 ./AlfaSDK/Src/alfa_board.o
 .debug_macro   0x0001c614       0x27 ./AlfaSDK/Src/alfa_board.o
 .debug_macro   0x0001c63b      0x13c ./AlfaSDK/Src/alfa_board.o
 .debug_macro   0x0001c777      0x1bc ./AlfaSDK/Src/alfa_board.o
 .debug_macro   0x0001c933       0x30 ./AlfaSDK/Src/alfa_board.o
 .debug_macro   0x0001c963       0x3c ./AlfaSDK/Src/alfa_board.o
 .debug_macro   0x0001c99f       0x57 ./AlfaSDK/Src/alfa_board.o
 .debug_macro   0x0001c9f6       0x87 ./AlfaSDK/Src/alfa_board.o
 .debug_macro   0x0001ca7d      0x24f ./AlfaSDK/Src/alfa_board.o
 .debug_macro   0x0001cccc      0x140 ./AlfaSDK/Src/alfa_board.o
 .debug_macro   0x0001ce0c      0x1ef ./AlfaSDK/Src/alfa_board.o
 .debug_macro   0x0001cffb      0x1cb ./AlfaSDK/Src/alfa_board.o
 .debug_macro   0x0001d1c6      0x217 ./AlfaSDK/Src/alfa_board.o
 .debug_macro   0x0001d3dd       0xdf ./AlfaSDK/Src/alfa_board.o
 .debug_macro   0x0001d4bc       0x88 ./AlfaSDK/Src/alfa_board.o
 .debug_macro   0x0001d544      0x1d7 ./AlfaSDK/Src/alfa_flash.o
 .debug_macro   0x0001d71b      0x1e4 ./AlfaSDK/Src/alfa_obc.o
 .debug_macro   0x0001d8ff      0x1c5 ./AlfaSDK/Src/alfa_rgb.o
 .debug_macro   0x0001dac4      0x1cb ./AlfaSDK/Src/alfa_rtc.o
 .debug_macro   0x0001dc8f       0x8e ./AlfaSDK/Src/alfa_rtc.o
 .debug_macro   0x0001dd1d      0x1f9 ./AlfaSDK/Src/alfa_sram.o
 .debug_macro   0x0001df16      0x1e4 ./App/Src/app.o
 .debug_macro   0x0001e0fa      0x1cf ./Core/Src/main.o
 .debug_macro   0x0001e2c9      0x1b1 ./Core/Src/stm32f1xx_hal_msp.o
 .debug_macro   0x0001e47a      0x1bb ./Core/Src/stm32f1xx_it.o
 .debug_macro   0x0001e635      0x1a2 ./Core/Src/system_stm32f1xx.o
 .debug_macro   0x0001e7d7      0x1c6 ./Drivers/STM32F1xx_HAL_Driver/Src/stm32f1xx_hal.o
 .debug_macro   0x0001e99d      0x1a2 ./Drivers/STM32F1xx_HAL_Driver/Src/stm32f1xx_hal_cortex.o
 .debug_macro   0x0001eb3f      0x20d ./Drivers/STM32F1xx_HAL_Driver/Src/stm32f1xx_hal_gpio.o
 .debug_macro   0x0001ed4c      0x202 ./Drivers/STM32F1xx_HAL_Driver/Src/stm32f1xx_hal_pwr.o
 .debug_macro   0x0001ef4e      0x1b4 ./Drivers/STM32F1xx_HAL_Driver/Src/stm32f1xx_hal_rcc.o
 .debug_macro   0x0001f102      0x1a2 ./Drivers/STM32F1xx_HAL_Driver/Src/stm32f1xx_hal_rcc_ex.o
 .debug_macro   0x0001f2a4      0x1b1 ./Drivers/STM32F1xx_HAL_Driver/Src/stm32f1xx_hal_rtc.o
 .debug_macro   0x0001f455      0x1a2 ./Drivers/STM32F1xx_HAL_Driver/Src/stm32f1xx_hal_rtc_ex.o
 .debug_macro   0x0001f5f7      0x1aa ./Drivers/STM32F1xx_HAL_Driver/Src/stm32f1xx_hal_spi.o

.debug_line     0x00000000     0xccb6
 .debug_line    0x00000000      0x880 ./AlfaSDK/Src/alfa_board.o
 .debug_line    0x00000880      0x812 ./AlfaSDK/Src/alfa_flash.o
 .debug_line    0x00001092      0x6ec ./AlfaSDK/Src/alfa_obc.o
 .debug_line    0x0000177e      0x76c ./AlfaSDK/Src/alfa_rgb.o
 .debug_line    0x00001eea      0x7a5 ./AlfaSDK/Src/alfa_rtc.o
 .debug_line    0x0000268f      0x882 ./AlfaSDK/Src/alfa_sram.o
 .debug_line    0x00002f11      0x732 ./App/Src/app.o
 .debug_line    0x00003643      0x6db ./Core/Src/main.o
 .debug_line    0x00003d1e      0x76c ./Core/Src/stm32f1xx_hal_msp.o
 .debug_line    0x0000448a      0x753 ./Core/Src/stm32f1xx_it.o
 .debug_line    0x00004bdd      0x75a ./Core/Src/system_stm32f1xx.o
 .debug_line    0x00005337       0x78 ./Core/Startup/startup_stm32f107rctx.o
 .debug_line    0x000053af      0x959 ./Drivers/STM32F1xx_HAL_Driver/Src/stm32f1xx_hal.o
 .debug_line    0x00005d08      0xb1e ./Drivers/STM32F1xx_HAL_Driver/Src/stm32f1xx_hal_cortex.o
 .debug_line    0x00006826      0x9ae ./Drivers/STM32F1xx_HAL_Driver/Src/stm32f1xx_hal_gpio.o
 .debug_line    0x000071d4      0x8f8 ./Drivers/STM32F1xx_HAL_Driver/Src/stm32f1xx_hal_pwr.o
 .debug_line    0x00007acc      0xf5f ./Drivers/STM32F1xx_HAL_Driver/Src/stm32f1xx_hal_rcc.o
 .debug_line    0x00008a2b      0xbd2 ./Drivers/STM32F1xx_HAL_Driver/Src/stm32f1xx_hal_rcc_ex.o
 .debug_line    0x000095fd     0x1163 ./Drivers/STM32F1xx_HAL_Driver/Src/stm32f1xx_hal_rtc.o
 .debug_line    0x0000a760      0x96b ./Drivers/STM32F1xx_HAL_Driver/Src/stm32f1xx_hal_rtc_ex.o
 .debug_line    0x0000b0cb     0x1beb ./Drivers/STM32F1xx_HAL_Driver/Src/stm32f1xx_hal_spi.o

.debug_str      0x00000000    0xb0ec0
 .debug_str     0x00000000    0xb0ec0 ./AlfaSDK/Src/alfa_board.o
                              0xaead9 (size before relaxing)
 .debug_str     0x000b0ec0    0xae72e ./AlfaSDK/Src/alfa_flash.o
 .debug_str     0x000b0ec0    0xadff5 ./AlfaSDK/Src/alfa_obc.o
 .debug_str     0x000b0ec0    0xae284 ./AlfaSDK/Src/alfa_rgb.o
 .debug_str     0x000b0ec0    0xae4d5 ./AlfaSDK/Src/alfa_rtc.o
 .debug_str     0x000b0ec0    0xae76c ./AlfaSDK/Src/alfa_sram.o
 .debug_str     0x000b0ec0    0xae069 ./App/Src/app.o
 .debug_str     0x000b0ec0    0xae19e ./Core/Src/main.o
 .debug_str     0x000b0ec0    0xae7c2 ./Core/Src/stm32f1xx_hal_msp.o
 .debug_str     0x000b0ec0    0xae201 ./Core/Src/stm32f1xx_it.o
 .debug_str     0x000b0ec0    0xae03d ./Core/Src/system_stm32f1xx.o
 .debug_str     0x000b0ec0       0x7f ./Core/Startup/startup_stm32f107rctx.o
 .debug_str     0x000b0ec0    0xae82e ./Drivers/STM32F1xx_HAL_Driver/Src/stm32f1xx_hal.o
 .debug_str     0x000b0ec0    0xae76c ./Drivers/STM32F1xx_HAL_Driver/Src/stm32f1xx_hal_cortex.o
 .debug_str     0x000b0ec0    0xae396 ./Drivers/STM32F1xx_HAL_Driver/Src/stm32f1xx_hal_gpio.o
 .debug_str     0x000b0ec0    0xae547 ./Drivers/STM32F1xx_HAL_Driver/Src/stm32f1xx_hal_pwr.o
 .debug_str     0x000b0ec0    0xae4ac ./Drivers/STM32F1xx_HAL_Driver/Src/stm32f1xx_hal_rcc.o
 .debug_str     0x000b0ec0    0xae2ba ./Drivers/STM32F1xx_HAL_Driver/Src/stm32f1xx_hal_rcc_ex.o
 .debug_str     0x000b0ec0    0xae5b8 ./Drivers/STM32F1xx_HAL_Driver/Src/stm32f1xx_hal_rtc.o
 .debug_str     0x000b0ec0    0xae3fa ./Drivers/STM32F1xx_HAL_Driver/Src/stm32f1xx_hal_rtc_ex.o
 .debug_str     0x000b0ec0    0xae92e ./Drivers/STM32F1xx_HAL_Driver/Src/stm32f1xx_hal_spi.o

.comment        0x00000000       0x43
 .comment       0x00000000       0x43 ./AlfaSDK/Src/alfa_board.o
                                 0x44 (size before relaxing)
 .comment       0x00000043       0x44 ./AlfaSDK/Src/alfa_flash.o
 .comment       0x00000043       0x44 ./AlfaSDK/Src/alfa_obc.o
 .comment       0x00000043       0x44 ./AlfaSDK/Src/alfa_rgb.o
 .comment       0x00000043       0x44 ./AlfaSDK/Src/alfa_rtc.o
 .comment       0x00000043       0x44 ./AlfaSDK/Src/alfa_sram.o
 .comment       0x00000043       0x44 ./App/Src/app.o
 .comment       0x00000043       0x44 ./Core/Src/main.o
 .comment       0x00000043       0x44 ./Core/Src/stm32f1xx_hal_msp.o
 .comment       0x00000043       0x44 ./Core/Src/stm32f1xx_it.o
 .comment       0x00000043       0x44 ./Core/Src/system_stm32f1xx.o
 .comment       0x00000043       0x44 ./Drivers/STM32F1xx_HAL_Driver/Src/stm32f1xx_hal.o
 .comment       0x00000043       0x44 ./Drivers/STM32F1xx_HAL_Driver/Src/stm32f1xx_hal_cortex.o
 .comment       0x00000043       0x44 ./Drivers/STM32F1xx_HAL_Driver/Src/stm32f1xx_hal_gpio.o
 .comment       0x00000043       0x44 ./Drivers/STM32F1xx_HAL_Driver/Src/stm32f1xx_hal_pwr.o
 .comment       0x00000043       0x44 ./Drivers/STM32F1xx_HAL_Driver/Src/stm32f1xx_hal_rcc.o
 .comment       0x00000043       0x44 ./Drivers/STM32F1xx_HAL_Driver/Src/stm32f1xx_hal_rcc_ex.o
 .comment       0x00000043       0x44 ./Drivers/STM32F1xx_HAL_Driver/Src/stm32f1xx_hal_rtc.o
 .comment       0x00000043       0x44 ./Drivers/STM32F1xx_HAL_Driver/Src/stm32f1xx_hal_rtc_ex.o
 .comment       0x00000043       0x44 ./Drivers/STM32F1xx_HAL_Driver/Src/stm32f1xx_hal_spi.o

.debug_frame    0x00000000     0x23a4
 .debug_frame   0x00000000       0xe8 ./AlfaSDK/Src/alfa_board.o
 .debug_frame   0x000000e8       0xf4 ./AlfaSDK/Src/alfa_flash.o
 .debug_frame   0x000001dc       0x2c ./AlfaSDK/Src/alfa_obc.o
 .debug_frame   0x00000208       0xf0 ./AlfaSDK/Src/alfa_rgb.o
 .debug_frame   0x000002f8      0x100 ./AlfaSDK/Src/alfa_rtc.o
 .debug_frame   0x000003f8      0x13c ./AlfaSDK/Src/alfa_sram.o
 .debug_frame   0x00000534       0x50 ./App/Src/app.o
 .debug_frame   0x00000584       0x2c ./Core/Src/main.o
 .debug_frame   0x000005b0       0xc4 ./Core/Src/stm32f1xx_hal_msp.o
 .debug_frame   0x00000674       0xf8 ./Core/Src/stm32f1xx_it.o
 .debug_frame   0x0000076c       0x50 ./Core/Src/system_stm32f1xx.o
 .debug_frame   0x000007bc      0x2e4 ./Drivers/STM32F1xx_HAL_Driver/Src/stm32f1xx_hal.o
 .debug_frame   0x00000aa0      0x3f0 ./Drivers/STM32F1xx_HAL_Driver/Src/stm32f1xx_hal_cortex.o
 .debug_frame   0x00000e90      0x130 ./Drivers/STM32F1xx_HAL_Driver/Src/stm32f1xx_hal_gpio.o
 .debug_frame   0x00000fc0      0x230 ./Drivers/STM32F1xx_HAL_Driver/Src/stm32f1xx_hal_pwr.o
 .debug_frame   0x000011f0      0x204 ./Drivers/STM32F1xx_HAL_Driver/Src/stm32f1xx_hal_rcc.o
 .debug_frame   0x000013f4      0x114 ./Drivers/STM32F1xx_HAL_Driver/Src/stm32f1xx_hal_rcc_ex.o
 .debug_frame   0x00001508      0x40c ./Drivers/STM32F1xx_HAL_Driver/Src/stm32f1xx_hal_rtc.o
 .debug_frame   0x00001914      0x208 ./Drivers/STM32F1xx_HAL_Driver/Src/stm32f1xx_hal_rtc_ex.o
 .debug_frame   0x00001b1c      0x7dc ./Drivers/STM32F1xx_HAL_Driver/Src/stm32f1xx_hal_spi.o
 .debug_frame   0x000022f8       0x20 /Applications/STM32CubeIDE.app/Contents/Eclipse/plugins/com.st.stm32cube.ide.mcu.externaltools.gnu-tools-for-stm32.14.3.rel1.macosaarch64_1.0.0.202602081740/tools/bin/../lib/gcc/arm-none-eabi/14.3.1/../../../../arm-none-eabi/lib/thumb/v7-m/nofp/libc_nano.a(libc_a-memset.o)
 .debug_frame   0x00002318       0x2c /Applications/STM32CubeIDE.app/Contents/Eclipse/plugins/com.st.stm32cube.ide.mcu.externaltools.gnu-tools-for-stm32.14.3.rel1.macosaarch64_1.0.0.202602081740/tools/bin/../lib/gcc/arm-none-eabi/14.3.1/../../../../arm-none-eabi/lib/thumb/v7-m/nofp/libc_nano.a(libc_a-init.o)
 .debug_frame   0x00002344       0x2c /Applications/STM32CubeIDE.app/Contents/Eclipse/plugins/com.st.stm32cube.ide.mcu.externaltools.gnu-tools-for-stm32.14.3.rel1.macosaarch64_1.0.0.202602081740/tools/bin/../lib/gcc/arm-none-eabi/14.3.1/thumb/v7-m/nofp/libgcc.a(_aeabi_uldivmod.o)
 .debug_frame   0x00002370       0x34 /Applications/STM32CubeIDE.app/Contents/Eclipse/plugins/com.st.stm32cube.ide.mcu.externaltools.gnu-tools-for-stm32.14.3.rel1.macosaarch64_1.0.0.202602081740/tools/bin/../lib/gcc/arm-none-eabi/14.3.1/thumb/v7-m/nofp/libgcc.a(_udivmoddi4.o)

.debug_line_str
                0x00000000       0x63
 .debug_line_str
                0x00000000       0x63 ./Core/Startup/startup_stm32f107rctx.o
